pulling RestingState for 60 subjects of 136 available
files to fetch: 360 (~6.0 GB)
  [ 1/360] sub-NDARAC904DMU_task-RestingState_coordsystem.json    0.0 MB
  [ 2/360] sub-NDARAG143ARJ_task-RestingState_coordsystem.json    0.0 MB
  [ 3/360] sub-NDARAM704GKZ_task-RestingState_coordsystem.json    0.0 MB
  [ 4/360] sub-NDARAN385MDH_task-RestingState_coordsystem.json    0.0 MB
  [ 5/360] sub-NDARAP359UM6_task-RestingState_coordsystem.json    0.0 MB
  [ 6/360] sub-NDARAW320CGR_task-RestingState_coordsystem.json    0.0 MB
  [ 7/360] sub-NDARBD879MBX_task-RestingState_coordsystem.json    0.0 MB
  [ 8/360] sub-NDARBH024NH2_task-RestingState_coordsystem.json    0.0 MB
  [ 9/360] sub-NDARBK082PDD_task-RestingState_coordsystem.json    0.0 MB
  [10/360] sub-NDARBM173BJG_task-RestingState_coordsystem.json    0.0 MB
  [11/360] sub-NDARBX121UM9_task-RestingState_coordsystem.json    0.0 MB
  [12/360] sub-NDARBX400RTC_task-RestingState_coordsystem.json    0.0 MB
  [13/360] sub-NDARCA153NKE_task-RestingState_coordsystem.json    0.0 MB
  [14/360] sub-NDARCE721YB5_task-RestingState_coordsystem.json    0.0 MB
  [15/360] sub-NDARCJ170CT9_task-RestingState_coordsystem.json    0.0 MB
  [16/360] sub-NDARCJ475WJP_task-RestingState_coordsystem.json    0.0 MB
  [17/360] sub-NDARCJ594BWQ_task-RestingState_coordsystem.json    0.0 MB
  [18/360] sub-NDARCN669XPR_task-RestingState_coordsystem.json    0.0 MB
  [19/360] sub-NDARCR499NE4_task-RestingState_coordsystem.json    0.0 MB
  [20/360] sub-NDARCR499NE4_task-RestingState_electrodes.tsv    0.0 MB
  [21/360] sub-NDARCR499NE4_task-RestingState_events.tsv    0.0 MB
  [22/360] sub-NDARCW071AU5_task-RestingState_channels.tsv    0.0 MB
  [23/360] sub-NDARCW071AU5_task-RestingState_coordsystem.json    0.0 MB
  [24/360] sub-NDARCW071AU5_task-RestingState_eeg.json    0.0 MB
  [25/360] sub-NDARCW071AU5_task-RestingState_eeg.set  107.0 MB
  [26/360] sub-NDARCW071AU5_task-RestingState_electrodes.tsv    0.0 MB
  [27/360] sub-NDARCW071AU5_task-RestingState_events.tsv    0.0 MB
  [28/360] sub-NDARCW094JCG_task-RestingState_channels.tsv    0.0 MB
  [29/360] sub-NDARCW094JCG_task-RestingState_coordsystem.json    0.0 MB
  [30/360] sub-NDARCW094JCG_task-RestingState_eeg.json    0.0 MB
  [31/360] sub-NDARCW094JCG_task-RestingState_eeg.set  107.3 MB
  [32/360] sub-NDARCW094JCG_task-RestingState_electrodes.tsv    0.0 MB
  [33/360] sub-NDARCW094JCG_task-RestingState_events.tsv    0.0 MB
  [34/360] sub-NDARCZ947WU5_task-RestingState_channels.tsv    0.0 MB
  [35/360] sub-NDARCZ947WU5_task-RestingState_coordsystem.json    0.0 MB
  [36/360] sub-NDARCZ947WU5_task-RestingState_eeg.json    0.0 MB
  [37/360] sub-NDARCZ947WU5_task-RestingState_eeg.set  121.4 MB
  [38/360] sub-NDARCZ947WU5_task-RestingState_electrodes.tsv    0.0 MB
  [39/360] sub-NDARCZ947WU5_task-RestingState_events.tsv    0.0 MB
  [40/360] sub-NDARDC704GKW_task-RestingState_channels.tsv    0.0 MB
  [41/360] sub-NDARDC704GKW_task-RestingState_coordsystem.json    0.0 MB
  [42/360] sub-NDARDC704GKW_task-RestingState_eeg.json    0.0 MB
  [43/360] sub-NDARDC704GKW_task-RestingState_eeg.set  137.7 MB
  [44/360] sub-NDARDC704GKW_task-RestingState_electrodes.tsv    0.0 MB
  [45/360] sub-NDARDC704GKW_task-RestingState_events.tsv    0.0 MB
  [46/360] sub-NDARDH670PXH_task-RestingState_channels.tsv    0.0 MB
  [47/360] sub-NDARDH670PXH_task-RestingState_coordsystem.json    0.0 MB
  [48/360] sub-NDARDH670PXH_task-RestingState_eeg.json    0.0 MB
  [49/360] sub-NDARDH670PXH_task-RestingState_eeg.set  107.6 MB
  [50/360] sub-NDARDH670PXH_task-RestingState_electrodes.tsv    0.0 MB
  [51/360] sub-NDARDH670PXH_task-RestingState_events.tsv    0.0 MB
  [52/360] sub-NDARDL511UND_task-RestingState_channels.tsv    0.0 MB
  [53/360] sub-NDARDL511UND_task-RestingState_coordsystem.json    0.0 MB
  [54/360] sub-NDARDL511UND_task-RestingState_eeg.json    0.0 MB
  [55/360] sub-NDARDL511UND_task-RestingState_eeg.set  103.3 MB
  [56/360] sub-NDARDL511UND_task-RestingState_electrodes.tsv    0.0 MB
  [57/360] sub-NDARDL511UND_task-RestingState_events.tsv    0.0 MB
  [58/360] sub-NDARDU986RBM_task-RestingState_channels.tsv    0.0 MB
  [59/360] sub-NDARDU986RBM_task-RestingState_coordsystem.json    0.0 MB
  [60/360] sub-NDARDU986RBM_task-RestingState_eeg.json    0.0 MB
  [61/360] sub-NDARDU986RBM_task-RestingState_eeg.set  100.1 MB
  [62/360] sub-NDARDU986RBM_task-RestingState_electrodes.tsv    0.0 MB
  [63/360] sub-NDARDU986RBM_task-RestingState_events.tsv    0.0 MB
  [64/360] sub-NDARDV088AA3_task-RestingState_channels.tsv    0.0 MB
  [65/360] sub-NDARDV088AA3_task-RestingState_coordsystem.json    0.0 MB
  [66/360] sub-NDARDV088AA3_task-RestingState_eeg.json    0.0 MB
  [67/360] sub-NDARDV088AA3_task-RestingState_eeg.set   95.2 MB
  [68/360] sub-NDARDV088AA3_task-RestingState_electrodes.tsv    0.0 MB
  [69/360] sub-NDARDV088AA3_task-RestingState_events.tsv    0.0 MB
  [70/360] sub-NDAREG561ML5_task-RestingState_channels.tsv    0.0 MB
  [71/360] sub-NDAREG561ML5_task-RestingState_coordsystem.json    0.0 MB
  [72/360] sub-NDAREG561ML5_task-RestingState_eeg.json    0.0 MB
  [73/360] sub-NDAREG561ML5_task-RestingState_eeg.set  102.8 MB
  [74/360] sub-NDAREG561ML5_task-RestingState_electrodes.tsv    0.0 MB
  [75/360] sub-NDAREG561ML5_task-RestingState_events.tsv    0.0 MB
  [76/360] sub-NDAREM731BYM_task-RestingState_channels.tsv    0.0 MB
  [77/360] sub-NDAREM731BYM_task-RestingState_coordsystem.json    0.0 MB
  [78/360] sub-NDAREM731BYM_task-RestingState_eeg.json    0.0 MB
  [79/360] sub-NDAREM731BYM_task-RestingState_eeg.set   90.9 MB
  [80/360] sub-NDAREM731BYM_task-RestingState_electrodes.tsv    0.0 MB
  [81/360] sub-NDAREM731BYM_task-RestingState_events.tsv    0.0 MB
  [82/360] sub-NDAREN519BLJ_task-RestingState_channels.tsv    0.0 MB
  [83/360] sub-NDAREN519BLJ_task-RestingState_coordsystem.json    0.0 MB
  [84/360] sub-NDAREN519BLJ_task-RestingState_eeg.json    0.0 MB
  [85/360] sub-NDAREN519BLJ_task-RestingState_eeg.set   91.5 MB
  [86/360] sub-NDAREN519BLJ_task-RestingState_electrodes.tsv    0.0 MB
  [87/360] sub-NDAREN519BLJ_task-RestingState_events.tsv    0.0 MB
  [88/360] sub-NDARET332CTB_task-RestingState_channels.tsv    0.0 MB
  [89/360] sub-NDARET332CTB_task-RestingState_coordsystem.json    0.0 MB
  [90/360] sub-NDARET332CTB_task-RestingState_eeg.json    0.0 MB
  [91/360] sub-NDARET332CTB_task-RestingState_eeg.set  154.6 MB
  [92/360] sub-NDARET332CTB_task-RestingState_electrodes.tsv    0.0 MB
  [93/360] sub-NDARET332CTB_task-RestingState_events.tsv    0.0 MB
  [94/360] sub-NDARET550NXC_task-RestingState_channels.tsv    0.0 MB
  [95/360] sub-NDARET550NXC_task-RestingState_coordsystem.json    0.0 MB
  [96/360] sub-NDARET550NXC_task-RestingState_eeg.json    0.0 MB
  [97/360] sub-NDARET550NXC_task-RestingState_eeg.set  103.1 MB
  [98/360] sub-NDARET550NXC_task-RestingState_electrodes.tsv    0.0 MB
  [99/360] sub-NDARET550NXC_task-RestingState_events.tsv    0.0 MB
  [100/360] sub-NDARET632ELD_task-RestingState_channels.tsv    0.0 MB
  [101/360] sub-NDARET632ELD_task-RestingState_coordsystem.json    0.0 MB
  [102/360] sub-NDARET632ELD_task-RestingState_eeg.json    0.0 MB
  [103/360] sub-NDARET632ELD_task-RestingState_eeg.set  102.8 MB
  [104/360] sub-NDARET632ELD_task-RestingState_electrodes.tsv    0.0 MB
  [105/360] sub-NDARET632ELD_task-RestingState_events.tsv    0.0 MB
  [106/360] sub-NDARFD316UD2_task-RestingState_channels.tsv    0.0 MB
  [107/360] sub-NDARFD316UD2_task-RestingState_coordsystem.json    0.0 MB
  [108/360] sub-NDARFD316UD2_task-RestingState_eeg.json    0.0 MB
  [109/360] sub-NDARFD316UD2_task-RestingState_eeg.set  104.1 MB
  [110/360] sub-NDARFD316UD2_task-RestingState_electrodes.tsv    0.0 MB
  [111/360] sub-NDARFD316UD2_task-RestingState_events.tsv    0.0 MB
  [112/360] sub-NDARFK610GY5_task-RestingState_channels.tsv    0.0 MB
  [113/360] sub-NDARFK610GY5_task-RestingState_coordsystem.json    0.0 MB
  [114/360] sub-NDARFK610GY5_task-RestingState_eeg.json    0.0 MB
  [115/360] sub-NDARFK610GY5_task-RestingState_eeg.set   94.7 MB
  [116/360] sub-NDARFK610GY5_task-RestingState_electrodes.tsv    0.0 MB
  [117/360] sub-NDARFK610GY5_task-RestingState_events.tsv    0.0 MB
  [118/360] sub-NDARFT581ZW5_task-RestingState_channels.tsv    0.0 MB
  [119/360] sub-NDARFT581ZW5_task-RestingState_coordsystem.json    0.0 MB
  [120/360] sub-NDARFT581ZW5_task-RestingState_eeg.json    0.0 MB
  [121/360] sub-NDARFT581ZW5_task-RestingState_eeg.set   92.7 MB
  [122/360] sub-NDARFT581ZW5_task-RestingState_electrodes.tsv    0.0 MB
  [123/360] sub-NDARFT581ZW5_task-RestingState_events.tsv    0.0 MB
  [124/360] sub-NDARFW972KFQ_task-RestingState_channels.tsv    0.0 MB
  [125/360] sub-NDARFW972KFQ_task-RestingState_coordsystem.json    0.0 MB
  [126/360] sub-NDARFW972KFQ_task-RestingState_eeg.json    0.0 MB
  [127/360] sub-NDARFW972KFQ_task-RestingState_eeg.set   97.0 MB
  [128/360] sub-NDARFW972KFQ_task-RestingState_electrodes.tsv    0.0 MB
  [129/360] sub-NDARFW972KFQ_task-RestingState_events.tsv    0.0 MB
  [130/360] sub-NDARGB040MGR_task-RestingState_channels.tsv    0.0 MB
  [131/360] sub-NDARGB040MGR_task-RestingState_coordsystem.json    0.0 MB
  [132/360] sub-NDARGB040MGR_task-RestingState_eeg.json    0.0 MB
  [133/360] sub-NDARGB040MGR_task-RestingState_eeg.set   91.0 MB
  [134/360] sub-NDARGB040MGR_task-RestingState_electrodes.tsv    0.0 MB
  [135/360] sub-NDARGB040MGR_task-RestingState_events.tsv    0.0 MB
  [136/360] sub-NDARGB441VVD_task-RestingState_channels.tsv    0.0 MB
  [137/360] sub-NDARGB441VVD_task-RestingState_coordsystem.json    0.0 MB
  [138/360] sub-NDARGB441VVD_task-RestingState_eeg.json    0.0 MB
  [139/360] sub-NDARGB441VVD_task-RestingState_eeg.set  100.1 MB
  [140/360] sub-NDARGB441VVD_task-RestingState_electrodes.tsv    0.0 MB
  [141/360] sub-NDARGB441VVD_task-RestingState_events.tsv    0.0 MB
  [142/360] sub-NDARGD507TDZ_task-RestingState_channels.tsv    0.0 MB
  [143/360] sub-NDARGD507TDZ_task-RestingState_coordsystem.json    0.0 MB
  [144/360] sub-NDARGD507TDZ_task-RestingState_eeg.json    0.0 MB
  [145/360] sub-NDARGD507TDZ_task-RestingState_eeg.set  159.2 MB
  [146/360] sub-NDARGD507TDZ_task-RestingState_electrodes.tsv    0.0 MB
  [147/360] sub-NDARGD507TDZ_task-RestingState_events.tsv    0.0 MB
  [148/360] sub-NDARGJ395FKP_task-RestingState_channels.tsv    0.0 MB
  [149/360] sub-NDARGJ395FKP_task-RestingState_coordsystem.json    0.0 MB
  [150/360] sub-NDARGJ395FKP_task-RestingState_eeg.json    0.0 MB
  [151/360] sub-NDARGJ395FKP_task-RestingState_eeg.set   93.3 MB
  [152/360] sub-NDARGJ395FKP_task-RestingState_electrodes.tsv    0.0 MB
  [153/360] sub-NDARGJ395FKP_task-RestingState_events.tsv    0.0 MB
  [154/360] sub-NDARGJ627BL2_task-RestingState_channels.tsv    0.0 MB
  [155/360] sub-NDARGJ627BL2_task-RestingState_coordsystem.json    0.0 MB
  [156/360] sub-NDARGJ627BL2_task-RestingState_eeg.json    0.0 MB
  [157/360] sub-NDARGJ627BL2_task-RestingState_eeg.set  106.1 MB
  [158/360] sub-NDARGJ627BL2_task-RestingState_electrodes.tsv    0.0 MB
  [159/360] sub-NDARGJ627BL2_task-RestingState_events.tsv    0.0 MB
  [160/360] sub-NDARGL800LDW_task-RestingState_channels.tsv    0.0 MB
  [161/360] sub-NDARGL800LDW_task-RestingState_coordsystem.json    0.0 MB
  [162/360] sub-NDARGL800LDW_task-RestingState_eeg.json    0.0 MB
  [163/360] sub-NDARGL800LDW_task-RestingState_eeg.set   95.6 MB
  [164/360] sub-NDARGL800LDW_task-RestingState_electrodes.tsv    0.0 MB
  [165/360] sub-NDARGL800LDW_task-RestingState_events.tsv    0.0 MB
  [166/360] sub-NDARGR106TJB_task-RestingState_channels.tsv    0.0 MB
  [167/360] sub-NDARGR106TJB_task-RestingState_coordsystem.json    0.0 MB
  [168/360] sub-NDARGR106TJB_task-RestingState_eeg.json    0.0 MB
  [169/360] sub-NDARGR106TJB_task-RestingState_eeg.set  145.3 MB
  [170/360] sub-NDARGR106TJB_task-RestingState_electrodes.tsv    0.0 MB
  [171/360] sub-NDARGR106TJB_task-RestingState_events.tsv    0.0 MB
  [172/360] sub-NDARGU729WUR_task-RestingState_channels.tsv    0.0 MB
  [173/360] sub-NDARGU729WUR_task-RestingState_coordsystem.json    0.0 MB
  [174/360] sub-NDARGU729WUR_task-RestingState_eeg.json    0.0 MB
  [175/360] sub-NDARGU729WUR_task-RestingState_eeg.set   97.0 MB
  [176/360] sub-NDARGU729WUR_task-RestingState_electrodes.tsv    0.0 MB
  [177/360] sub-NDARGU729WUR_task-RestingState_events.tsv    0.0 MB
  [178/360] sub-NDARGX001CB1_task-RestingState_channels.tsv    0.0 MB
  [179/360] sub-NDARGX001CB1_task-RestingState_coordsystem.json    0.0 MB
  [180/360] sub-NDARGX001CB1_task-RestingState_eeg.json    0.0 MB
  [181/360] sub-NDARGX001CB1_task-RestingState_eeg.set  101.8 MB
  [182/360] sub-NDARGX001CB1_task-RestingState_electrodes.tsv    0.0 MB
  [183/360] sub-NDARGX001CB1_task-RestingState_events.tsv    0.0 MB
  [184/360] sub-NDARHR443EHF_task-RestingState_channels.tsv    0.0 MB
  [185/360] sub-NDARHR443EHF_task-RestingState_coordsystem.json    0.0 MB
  [186/360] sub-NDARHR443EHF_task-RestingState_eeg.json    0.0 MB
  [187/360] sub-NDARHR443EHF_task-RestingState_eeg.set   91.5 MB
  [188/360] sub-NDARHR443EHF_task-RestingState_electrodes.tsv    0.0 MB
  [189/360] sub-NDARHR443EHF_task-RestingState_events.tsv    0.0 MB
  [190/360] sub-NDARHR753ZKU_task-RestingState_channels.tsv    0.0 MB
  [191/360] sub-NDARHR753ZKU_task-RestingState_coordsystem.json    0.0 MB
  [192/360] sub-NDARHR753ZKU_task-RestingState_eeg.json    0.0 MB
  [193/360] sub-NDARHR753ZKU_task-RestingState_eeg.set  101.5 MB
  [194/360] sub-NDARHR753ZKU_task-RestingState_electrodes.tsv    0.0 MB
  [195/360] sub-NDARHR753ZKU_task-RestingState_events.tsv    0.0 MB
  [196/360] sub-NDARHY177LY9_task-RestingState_channels.tsv    0.0 MB
  [197/360] sub-NDARHY177LY9_task-RestingState_coordsystem.json    0.0 MB
  [198/360] sub-NDARHY177LY9_task-RestingState_eeg.json    0.0 MB
  [199/360] sub-NDARHY177LY9_task-RestingState_eeg.set   92.2 MB
  [200/360] sub-NDARHY177LY9_task-RestingState_electrodes.tsv    0.0 MB
  [201/360] sub-NDARHY177LY9_task-RestingState_events.tsv    0.0 MB
  [202/360] sub-NDARJK910PDK_task-RestingState_channels.tsv    0.0 MB
  [203/360] sub-NDARJK910PDK_task-RestingState_coordsystem.json    0.0 MB
  [204/360] sub-NDARJK910PDK_task-RestingState_eeg.json    0.0 MB
  [205/360] sub-NDARJK910PDK_task-RestingState_eeg.set  127.7 MB
  [206/360] sub-NDARJK910PDK_task-RestingState_electrodes.tsv    0.0 MB
  [207/360] sub-NDARJK910PDK_task-RestingState_events.tsv    0.0 MB
  [208/360] sub-NDARJM828PAL_task-RestingState_channels.tsv    0.0 MB
  [209/360] sub-NDARJM828PAL_task-RestingState_coordsystem.json    0.0 MB
  [210/360] sub-NDARJM828PAL_task-RestingState_eeg.json    0.0 MB
  [211/360] sub-NDARJM828PAL_task-RestingState_eeg.set  262.0 MB
  [212/360] sub-NDARJM828PAL_task-RestingState_electrodes.tsv    0.0 MB
  [213/360] sub-NDARJM828PAL_task-RestingState_events.tsv    0.0 MB
  [214/360] sub-NDARJU805JG5_task-RestingState_channels.tsv    0.0 MB
  [215/360] sub-NDARJU805JG5_task-RestingState_coordsystem.json    0.0 MB
  [216/360] sub-NDARJU805JG5_task-RestingState_eeg.json    0.0 MB
  [217/360] sub-NDARJU805JG5_task-RestingState_eeg.set  159.6 MB
  [218/360] sub-NDARJU805JG5_task-RestingState_electrodes.tsv    0.0 MB
  [219/360] sub-NDARJU805JG5_task-RestingState_events.tsv    0.0 MB
  [220/360] sub-NDARJY033DKZ_task-RestingState_channels.tsv    0.0 MB
  [221/360] sub-NDARJY033DKZ_task-RestingState_coordsystem.json    0.0 MB
  [222/360] sub-NDARJY033DKZ_task-RestingState_eeg.json    0.0 MB
  [223/360] sub-NDARJY033DKZ_task-RestingState_eeg.set  139.4 MB
  [224/360] sub-NDARJY033DKZ_task-RestingState_electrodes.tsv    0.0 MB
  [225/360] sub-NDARJY033DKZ_task-RestingState_events.tsv    0.0 MB
  [226/360] sub-NDARJZ679KXJ_task-RestingState_channels.tsv    0.0 MB
  [227/360] sub-NDARJZ679KXJ_task-RestingState_coordsystem.json    0.0 MB
  [228/360] sub-NDARJZ679KXJ_task-RestingState_eeg.json    0.0 MB
  [229/360] sub-NDARJZ679KXJ_task-RestingState_eeg.set   95.0 MB
  [230/360] sub-NDARJZ679KXJ_task-RestingState_electrodes.tsv    0.0 MB
  [231/360] sub-NDARJZ679KXJ_task-RestingState_events.tsv    0.0 MB
  [232/360] sub-NDARKA627LF8_task-RestingState_channels.tsv    0.0 MB
  [233/360] sub-NDARKA627LF8_task-RestingState_coordsystem.json    0.0 MB
  [234/360] sub-NDARKA627LF8_task-RestingState_eeg.json    0.0 MB
  [235/360] sub-NDARKA627LF8_task-RestingState_eeg.set   91.0 MB
  [236/360] sub-NDARKA627LF8_task-RestingState_electrodes.tsv    0.0 MB
  [237/360] sub-NDARKA627LF8_task-RestingState_events.tsv    0.0 MB
  [238/360] sub-NDARKD134TCX_task-RestingState_channels.tsv    0.0 MB
  [239/360] sub-NDARKD134TCX_task-RestingState_coordsystem.json    0.0 MB
  [240/360] sub-NDARKD134TCX_task-RestingState_eeg.json    0.0 MB
  [241/360] sub-NDARKD134TCX_task-RestingState_eeg.set  105.5 MB
  [242/360] sub-NDARKD134TCX_task-RestingState_electrodes.tsv    0.0 MB
  [243/360] sub-NDARKD134TCX_task-RestingState_events.tsv    0.0 MB
  [244/360] sub-NDARKM635UY0_task-RestingState_channels.tsv    0.0 MB
  [245/360] sub-NDARKM635UY0_task-RestingState_coordsystem.json    0.0 MB
  [246/360] sub-NDARKM635UY0_task-RestingState_eeg.json    0.0 MB
  [247/360] sub-NDARKM635UY0_task-RestingState_eeg.set  111.7 MB
  [248/360] sub-NDARKM635UY0_task-RestingState_electrodes.tsv    0.0 MB
  [249/360] sub-NDARKM635UY0_task-RestingState_events.tsv    0.0 MB
  [250/360] sub-NDARKU278YRR_task-RestingState_channels.tsv    0.0 MB
  [251/360] sub-NDARKU278YRR_task-RestingState_coordsystem.json    0.0 MB
  [252/360] sub-NDARKU278YRR_task-RestingState_eeg.json    0.0 MB
  [253/360] sub-NDARKU278YRR_task-RestingState_eeg.set  100.5 MB
  [254/360] sub-NDARKU278YRR_task-RestingState_electrodes.tsv    0.0 MB
  [255/360] sub-NDARKU278YRR_task-RestingState_events.tsv    0.0 MB
  [256/360] sub-NDARLF616PBU_task-RestingState_channels.tsv    0.0 MB
  [257/360] sub-NDARLF616PBU_task-RestingState_coordsystem.json    0.0 MB
  [258/360] sub-NDARLF616PBU_task-RestingState_eeg.json    0.0 MB
  [259/360] sub-NDARLF616PBU_task-RestingState_eeg.set  187.2 MB
  [260/360] sub-NDARLF616PBU_task-RestingState_electrodes.tsv    0.0 MB
  [261/360] sub-NDARLF616PBU_task-RestingState_events.tsv    0.0 MB
  [262/360] sub-NDARLH979WFX_task-RestingState_channels.tsv    0.0 MB
  [263/360] sub-NDARLH979WFX_task-RestingState_coordsystem.json    0.0 MB
  [264/360] sub-NDARLH979WFX_task-RestingState_eeg.json    0.0 MB
  [265/360] sub-NDARLH979WFX_task-RestingState_eeg.set  107.8 MB
  [266/360] sub-NDARLH979WFX_task-RestingState_electrodes.tsv    0.0 MB
  [267/360] sub-NDARLH979WFX_task-RestingState_events.tsv    0.0 MB
done: 267 files -> /home/bcloud/eeg/hbn_r1
6.2G	/home/bcloud/eeg/hbn_r1
